// Jest Snapshot v1, https://goo.gl/fbAQLP

exports[`Spinner matches snapshot 1`] = `
<div
  className="center"
  data-testid="spinner"
>
  <div
    className="spinner"
  />
</div>
`;
