// Jest Snapshot v1, https://goo.gl/fbAQLP

exports[`SwitchCurrencyButton matches snapshot 1`] = `
<button
  className="switchCurrencyButton"
  data-testid="switchCurrencyButton"
  onClick={[MockFunction]}
>
  <svg>
    exchange-icon.svg
  </svg>
</button>
`;
